[2026-08-06 19:14:11] [INFO] [loan_predictor_fastapi]: ML Model loaded successfully from C:\Users\Nantha Krishna.V\OneDrive\Desktop\College Projects(Team)\AI Loan Predictor\app\ml\model.pkl
[2026-08-06 19:14:29] [INFO] [loan_predictor_fastapi]: ML Model loaded successfully from C:\Users\Nantha Krishna.V\OneDrive\Desktop\College Projects(Team)\AI Loan Predictor\app\ml\model.pkl
[2026-08-07 12:38:23] [INFO] [loan_predictor_fastapi]: ML Model loaded successfully from C:\Users\Nantha Krishna.V\OneDrive\Desktop\College Projects(Team)\AI Loan Predictor\app\ml\model.pkl
[2026-08-07 12:38:28] [INFO] [loan_predictor_fastapi]: ML Model loaded successfully from C:\Users\Nantha Krishna.V\OneDrive\Desktop\College Projects(Team)\AI Loan Predictor\app\ml\model.pkl
[2026-08-07 12:38:28] [INFO] [loan_predictor_fastapi]: Initializing FastAPI Backend startup sequence...
[2026-08-07 12:38:33] [INFO] [loan_predictor_fastapi]: Database connected successfully to loanpredictor at cluster0.mc7zsmo.mongodb.net
[2026-08-07 12:59:27] [INFO] [loan_predictor_fastapi]: Shutting down FastAPI Backend...
[2026-08-07 12:59:27] [INFO] [loan_predictor_fastapi]: MongoDB connection closed.
[2026-08-07 12:59:42] [INFO] [loan_predictor_fastapi]: ML Model loaded successfully from C:\Users\Nantha Krishna.V\OneDrive\Desktop\College Projects(Team)\AI Loan Predictor\app\ml\model.pkl
[2026-08-07 12:59:42] [INFO] [loan_predictor_fastapi]: Initializing FastAPI Backend startup sequence...
[2026-08-07 12:59:47] [INFO] [loan_predictor_fastapi]: Database connected successfully to loanpredictor at cluster0.mc7zsmo.mongodb.net
[2026-08-07 12:59:47] [INFO] [loan_predictor_fastapi]: Shutting down FastAPI Backend...
[2026-08-07 12:59:47] [INFO] [loan_predictor_fastapi]: MongoDB connection closed.
[2026-08-07 12:59:53] [INFO] [loan_predictor_fastapi]: ML Model loaded successfully from C:\Users\Nantha Krishna.V\OneDrive\Desktop\College Projects(Team)\AI Loan Predictor\app\ml\model.pkl
[2026-08-07 12:59:53] [INFO] [loan_predictor_fastapi]: Initializing FastAPI Backend startup sequence...
[2026-08-07 12:59:58] [INFO] [loan_predictor_fastapi]: Database connected successfully to loanpredictor at cluster0.mc7zsmo.mongodb.net
[2026-08-07 12:59:58] [INFO] [loan_predictor_fastapi]: Shutting down FastAPI Backend...
[2026-08-07 12:59:58] [INFO] [loan_predictor_fastapi]: MongoDB connection closed.
[2026-08-07 13:00:05] [INFO] [loan_predictor_fastapi]: ML Model loaded successfully from C:\Users\Nantha Krishna.V\OneDrive\Desktop\College Projects(Team)\AI Loan Predictor\app\ml\model.pkl
[2026-08-07 13:00:05] [INFO] [loan_predictor_fastapi]: Initializing FastAPI Backend startup sequence...
[2026-08-07 13:00:09] [INFO] [loan_predictor_fastapi]: Database connected successfully to loanpredictor at cluster0.mc7zsmo.mongodb.net
[2026-08-07 13:00:10] [INFO] [loan_predictor_fastapi]: Shutting down FastAPI Backend...
[2026-08-07 13:00:10] [INFO] [loan_predictor_fastapi]: MongoDB connection closed.
[2026-08-07 13:00:16] [INFO] [loan_predictor_fastapi]: ML Model loaded successfully from C:\Users\Nantha Krishna.V\OneDrive\Desktop\College Projects(Team)\AI Loan Predictor\app\ml\model.pkl
[2026-08-07 13:00:16] [INFO] [loan_predictor_fastapi]: Initializing FastAPI Backend startup sequence...
[2026-08-07 13:00:21] [INFO] [loan_predictor_fastapi]: Database connected successfully to loanpredictor at cluster0.mc7zsmo.mongodb.net
[2026-08-07 13:00:21] [INFO] [loan_predictor_fastapi]: Shutting down FastAPI Backend...
[2026-08-07 13:00:21] [INFO] [loan_predictor_fastapi]: MongoDB connection closed.
[2026-08-07 13:00:27] [INFO] [loan_predictor_fastapi]: ML Model loaded successfully from C:\Users\Nantha Krishna.V\OneDrive\Desktop\College Projects(Team)\AI Loan Predictor\app\ml\model.pkl
[2026-08-07 13:00:27] [INFO] [loan_predictor_fastapi]: Initializing FastAPI Backend startup sequence...
[2026-08-07 13:00:32] [INFO] [loan_predictor_fastapi]: Database connected successfully to loanpredictor at cluster0.mc7zsmo.mongodb.net
[2026-08-07 13:08:39] [INFO] [loan_predictor_fastapi]: Shutting down FastAPI Backend...
[2026-08-07 13:08:39] [INFO] [loan_predictor_fastapi]: MongoDB connection closed.
[2026-08-07 13:08:49] [INFO] [loan_predictor_fastapi]: ML Model loaded successfully from C:\Users\Nantha Krishna.V\OneDrive\Desktop\College Projects(Team)\AI Loan Predictor\app\ml\model.pkl
[2026-08-07 13:08:49] [INFO] [loan_predictor_fastapi]: Initializing FastAPI Backend startup sequence...
[2026-08-07 13:08:54] [INFO] [loan_predictor_fastapi]: Database connected successfully to loanpredictor at cluster0.mc7zsmo.mongodb.net
[2026-08-07 13:08:54] [INFO] [loan_predictor_fastapi]: Shutting down FastAPI Backend...
[2026-08-07 13:08:54] [INFO] [loan_predictor_fastapi]: MongoDB connection closed.
[2026-08-07 13:09:02] [INFO] [loan_predictor_fastapi]: ML Model loaded successfully from C:\Users\Nantha Krishna.V\OneDrive\Desktop\College Projects(Team)\AI Loan Predictor\app\ml\model.pkl
[2026-08-07 13:09:02] [INFO] [loan_predictor_fastapi]: Initializing FastAPI Backend startup sequence...
[2026-08-07 13:09:06] [INFO] [loan_predictor_fastapi]: Database connected successfully to loanpredictor at cluster0.mc7zsmo.mongodb.net
[2026-08-07 13:09:07] [INFO] [loan_predictor_fastapi]: Shutting down FastAPI Backend...
[2026-08-07 13:09:07] [INFO] [loan_predictor_fastapi]: MongoDB connection closed.
[2026-08-07 13:09:13] [INFO] [loan_predictor_fastapi]: ML Model loaded successfully from C:\Users\Nantha Krishna.V\OneDrive\Desktop\College Projects(Team)\AI Loan Predictor\app\ml\model.pkl
[2026-08-07 13:09:13] [INFO] [loan_predictor_fastapi]: Initializing FastAPI Backend startup sequence...
[2026-08-07 13:09:17] [INFO] [loan_predictor_fastapi]: Database connected successfully to loanpredictor at cluster0.mc7zsmo.mongodb.net
[2026-08-07 13:09:18] [INFO] [loan_predictor_fastapi]: Shutting down FastAPI Backend...
[2026-08-07 13:09:18] [INFO] [loan_predictor_fastapi]: MongoDB connection closed.
[2026-08-07 13:09:24] [INFO] [loan_predictor_fastapi]: ML Model loaded successfully from C:\Users\Nantha Krishna.V\OneDrive\Desktop\College Projects(Team)\AI Loan Predictor\app\ml\model.pkl
[2026-08-07 13:09:24] [INFO] [loan_predictor_fastapi]: Initializing FastAPI Backend startup sequence...
[2026-08-07 13:09:29] [INFO] [loan_predictor_fastapi]: Database connected successfully to loanpredictor at cluster0.mc7zsmo.mongodb.net
[2026-08-07 13:09:29] [INFO] [loan_predictor_fastapi]: Shutting down FastAPI Backend...
[2026-08-07 13:09:29] [INFO] [loan_predictor_fastapi]: MongoDB connection closed.
[2026-08-07 13:09:36] [INFO] [loan_predictor_fastapi]: ML Model loaded successfully from C:\Users\Nantha Krishna.V\OneDrive\Desktop\College Projects(Team)\AI Loan Predictor\app\ml\model.pkl
[2026-08-07 13:09:36] [INFO] [loan_predictor_fastapi]: Initializing FastAPI Backend startup sequence...
[2026-08-07 13:09:40] [INFO] [loan_predictor_fastapi]: Database connected successfully to loanpredictor at cluster0.mc7zsmo.mongodb.net
[2026-08-07 13:09:40] [INFO] [loan_predictor_fastapi]: Shutting down FastAPI Backend...
[2026-08-07 13:09:41] [INFO] [loan_predictor_fastapi]: MongoDB connection closed.
[2026-08-07 13:09:46] [INFO] [loan_predictor_fastapi]: ML Model loaded successfully from C:\Users\Nantha Krishna.V\OneDrive\Desktop\College Projects(Team)\AI Loan Predictor\app\ml\model.pkl
[2026-08-07 13:09:46] [INFO] [loan_predictor_fastapi]: Initializing FastAPI Backend startup sequence...
[2026-08-07 13:09:51] [INFO] [loan_predictor_fastapi]: Database connected successfully to loanpredictor at cluster0.mc7zsmo.mongodb.net
